TO Download Kafka
https://kafka.apache.org/downloads 

Download binary files


ZOOKEEPER START COMMAND


C:\kafka_2.13-3.5.1\bin\windows>zookeeper-server-start C:\kafka_2.13-3.5.1\config\zookeeper.properties


KAFKA SERVER START
C:\kafka_2.13-3.5.1>kafka-server-start C:\kafka_2.13-3.5.1\config\server.properties


1. CREATE TOPIC
kafka-topics --create --topic myFirstTopic --bootstrap-server localhost:9092
Created topic myFirstTopic.

2. LIST OF TOPICS
kafka-topics.bat --bootstrap-server localhost:9092 --list



C:\kafka_2.13-3.5.1\bin\windows>kafka-topics.bat --create --topic myFirstTopic --bootstrap-server localhost:9092
Created topic myFirstTopic.

C:\kafka_2.13-3.5.1\bin\windows>kafka-topics.bat --bootstrap-server localhost:9092 --list
myFirstTopic

C:\kafka_2.13-3.5.1\bin\windows>kafka-topics.bat --create --topic mySecondTopic --bootstrap-server localhost:9092
Created topic mySecondTopic.

C:\kafka_2.13-3.5.1\bin\windows>kafka-topics.bat --create --topic myThirdTopic --bootstrap-server localhost:9092
Created topic myThirdTopic.

C:\kafka_2.13-3.5.1\bin\windows>kafka-topics.bat --bootstrap-server localhost:9092 --list
myFirstTopic
mySecondTopic
myThirdTopic


kafka-topics.bat --bootstrap-server localhost:9092 --delete --topic myFirstTopic



3. SEND DATA TO KAFKA TOPIC

kafka-console-producer.bat --broker-list localhost:9092 --topic myFirstTopic

4. CONSUMER DATA FROM TOPIC
kafka-console-consumer.bat --bootstrap-server localhost:9092 --topic myFirstTopic --from-beginning


C:\kafka_2.13-3.5.1\bin\windows>kafka-console-producer.bat --broker-list localhost:9092 --topic myFirstTopic
>MY FIRST MESSAGE
>HELLO KAFKA

C:\kafka_2.13-3.5.1\bin\windows>kafka-console-consumer.bat --bootstrap-server localhost:9092 --topic myFirstTopic --from-beginning
MY FIRST MESSAGE
HELLO KAFKA


C:\kafka_2.13-3.5.1\bin\windows>kafka-console-consumer.bat --bootstrap-server localhost:9092 --topic mySecondTopic
818181


TOPIC DESCRIPTIOn

C:\kafka_2.13-3.5.1\bin\windows>kafka-topics.bat --bootstrap-server localhost:9092 --describe --topic myFirstTopic
Topic: myFirstTopic     TopicId: o87M43WEQhOPhJySIo8jpQ PartitionCount: 1       ReplicationFactor: 1    Configs: segment.bytes=1073741824
        Topic: myFirstTopic     Partition: 0    Leader: 0       Replicas: 0     Isr: 0



C:\kafka_2.13-3.5.1\bin\windows>kafka-topics.bat --bootstrap-server localhost:9092 --describe --topic mySecondTopic
Topic: mySecondTopic    TopicId: LR4sw_vISjqPLLrvPa4n7A PartitionCount: 3       ReplicationFactor: 1    Configs: segment.bytes=1073741824
        Topic: mySecondTopic    Partition: 0    Leader: 0       Replicas: 0     Isr: 0
        Topic: mySecondTopic    Partition: 1    Leader: 0       Replicas: 0     Isr: 0
        Topic: mySecondTopic    Partition: 2    Leader: 0       Replicas: 0     Isr: 0

C:\kafka_2.13-3.5.1\bin\windows>





CREATE TOPIC WITH PARTITION

C:\kafka_2.13-3.5.1\bin\windows>kafka-topics.bat --bootstrap-server localhost:9092 -topic mySecondTopic --create --partitions 3 --replication-factor 1
Created topic mySecondTopic.


C:\kafka_2.13-3.5.1\bin\windows>kafka-topics.bat --bootstrap-server localhost:9092 -topic mySecondTopic --create --partitions 3 --replication-factor 3
Error while executing topic command : Replication factor: 3 larger than available brokers: 1.
[2023-05-06 14:24:45,790] ERROR org.apache.kafka.common.errors.InvalidReplicationFactorException: Replication factor: 3 larger than available brokers: 1.
 (kafka.admin.TopicCommand$)




TOPIC ALREDY EXISTS



C:\kafka_2.13-3.5.1\bin\windows>kafka-topics.bat --bootstrap-server localhost:9092 -topic mySecondTopic --create --partitions 3 --replication-factor 3
Error while executing topic command : Topic 'mySecondTopic' already exists.
[2023-05-06 14:26:44,226] ERROR org.apache.kafka.common.errors.TopicExistsException: Topic 'mySecondTopic' already exists.
 (kafka.admin.TopicCommand$)

C:\kafka_2.13-3.5.1\bin\windows>


DELETE A TOPIC

kafka-topics.bat --bootstrap-server localhost:9092 -topic mySecondTopic --delete




PRODUCE WITH KEYS

C:\kafka_2.13-3.5.1\bin\windows>kafka-console-producer --bootstrap-server localhost:9092 --topic mySecondTopic --property parse.key=true --property key.separator=,
>key1,value1
>key2,value2
>

WHEN TOPIC DOES NOT EXIST

C:\kafka_2.13-3.5.1\bin\windows>kafka-console-consumer.bat --bootstrap-server localhost:9092 --topic myFirstTopic --from-beginning
[2023-05-06 14:44:00,951] WARN [Consumer clientId=console-consumer, groupId=console-consumer-37665] Error while fetching metadata with correlation id 2 : {myFirstTopic=LEADER_NOT_AVAILABLE} (org.apache.kafka.clients.NetworkClient)
[2023-05-06 14:44:01,141] WARN [Consumer clientId=console-consumer, groupId=console-consumer-37665] Error while fetching metadata with correlation id 4 : {myFirstTopic=LEADER_NOT_AVAILABLE} (org.apache.kafka.clients.NetworkClient)
[2023-05-06 14:44:01,296] WARN [Consumer clientId=console-consumer, groupId=console-consumer-37665] Error while fetching metadata with correlation id 5 : {myFirstTopic=LEADER_NOT_AVAILABLE} (org.apache.kafka.clients.NetworkClient)
[2023-05-06 14:44:01,472] WARN [Consumer clientId=console-consumer, groupId=console-consumer-37665] Error while fetching metadata with correlation id 7 : {myFirstTopic=LEADER_NOT_AVAILABLE} (org.apache.kafka.clients.NetworkClient)
Processed a total of 0 messages



CONSUME MESSAGE ON THE BASIS OF PARTITION


C:\kafka_2.13-3.5.1\bin\windows>kafka-console-consumer.bat --bootstrap-server localhost:9092 --topic mySecondTopic --property print.key=true --property key.separator=, --partition=0


C:\kafka_2.13-3.5.1\bin\windows>kafka-console-consumer.bat --bootstrap-server localhost:9092 --topic mySecondTopic --property print.key=true --property key.separator=, --partition=2
kjlwjedwjejwed,aljdlkwjodjwojdowjdojodjwojd
kjlwjedwjejwed,aljdlkwjodjwojdowjdojodjwojd


ONLY PRINT VALUE


C:\kafka_2.13-3.5.1\bin\windows>kafka-console-consumer.bat --bootstrap-server localhost:9092 --topic mySecondTopic --property --property key.separator=, --partition=0
value